> source("SPL25_cantor_julian_2.R")
'data.frame':	23054 obs. of  12 variables:
 $ dateRep                : chr  "04/04/2022" "03/04/2022" "02/04/2022" "01/04/2022" ...
 $ day                    : int  4 3 2 1 31 30 29 28 27 26 ...
 $ month                  : int  4 4 4 4 3 3 3 3 3 3 ...
 $ year                   : int  2022 2022 2022 2022 2022 2022 2022 2022 2022 2022 ...
 $ cases                  : int  14302 11761 14525 19566 22698 26481 34605 26396 21398 26029 ...
 $ deaths                 : int  12 23 21 36 33 37 32 29 24 35 ...
 $ countriesAndTerritories: chr  "Austria" "Austria" "Austria" "Austria" ...
 $ geoId                  : chr  "AT" "AT" "AT" "AT" ...
 $ countryterritoryCode   : chr  "AUT" "AUT" "AUT" "AUT" ...
 $ popData2020            : int  8901064 8901064 8901064 8901064 8901064 8901064 8901064 8901064 8901064 8901064 ...
 $ continentExp           : chr  "Europe" "Europe" "Europe" "Europe" ...
 $ indicator14            : num  4335 4594 4816 5079 5336 ...
'data.frame':	23054 obs. of  6 variables:
 $ date       : POSIXct, format: "2022-04-04" "2022-04-03" ...
 $ cases      : int  14302 11761 14525 19566 22698 26481 34605 26396 21398 26029 ...
 $ deaths     : int  12 23 21 36 33 37 32 29 24 35 ...
 $ country    : chr  "Austria" "Austria" "Austria" "Austria" ...
 $ population : int  8901064 8901064 8901064 8901064 8901064 8901064 8901064 8901064 8901064 8901064 ...
 $ indicator14: num  4335 4594 4816 5079 5336 ...
'data.frame':	23054 obs. of  8 variables:
 $ date       : POSIXct, format: "2022-04-04" "2022-04-03" ...
 $ cases      : int  14302 11761 14525 19566 22698 26481 34605 26396 21398 26029 ...
 $ deaths     : int  12 23 21 36 33 37 32 29 24 35 ...
 $ country    : chr  "Austria" "Austria" "Austria" "Austria" ...
 $ population : int  8901064 8901064 8901064 8901064 8901064 8901064 8901064 8901064 8901064 8901064 ...
 $ indicator14: num  4335 4594 4816 5079 5336 ...
 $ indicator7 : num  1617 1753 1861 1990 2148 ...
 $ alert_level: Factor w/ 4 levels "green","yellow",..: 4 4 4 4 4 4 4 4 4 4 ...
> 
